// Jest Snapshot v1, https://goo.gl/fbAQLP

exports[`Cart component created with data 1`] = `
<DocumentFragment>
  <div
    class="mantine-Container-root mantine-15pjuqq"
  >
    <h1
      class="mantine-Text-root mantine-Title-root mantine-dyfpg1"
    >
      Cart
    </h1>
    <div
      class="mantine-Group-root mantine-147cgkf"
    >
      <a
        class="mantine-gnzaph mantine-Group-child"
        href="/prescription"
      >
        <svg
          class="icon icon-tabler icon-tabler-notes"
          fill="none"
          height="24"
          stroke="currentColor"
          stroke-linecap="round"
          stroke-linejoin="round"
          stroke-width="2"
          viewBox="0 0 24 24"
          width="24"
          xmlns="http://www.w3.org/2000/svg"
        >
          <path
            d="M0 0h24v24H0z"
            fill="none"
            stroke="none"
          />
          <rect
            height="18"
            rx="2"
            width="14"
            x="5"
            y="3"
          />
          <line
            x1="9"
            x2="15"
            y1="7"
            y2="7"
          />
          <line
            x1="9"
            x2="15"
            y1="11"
            y2="11"
          />
          <line
            x1="9"
            x2="13"
            y1="15"
            y2="15"
          />
        </svg>
      </a>
      <svg
        class="mantine-gnzaph mantine-Group-child"
        fill="currentColor"
        height="28"
        stroke="currentColor"
        stroke-width="0"
        viewBox="0 0 576 512"
        width="28"
        xmlns="http://www.w3.org/2000/svg"
      >
        <path
          d="M528.12 301.319l47.273-208C578.806 78.301 567.391 64 551.99 64H159.208l-9.166-44.81C147.758 8.021 137.93 0 126.529 0H24C10.745 0 0 10.745 0 24v16c0 13.255 10.745 24 24 24h69.883l70.248 343.435C147.325 417.1 136 435.222 136 456c0 30.928 25.072 56 56 56s56-25.072 56-56c0-15.674-6.447-29.835-16.824-40h209.647C430.447 426.165 424 440.326 424 456c0 30.928 25.072 56 56 56s56-25.072 56-56c0-22.172-12.888-41.332-31.579-50.405l5.517-24.276c3.413-15.018-8.002-29.319-23.403-29.319H218.117l-6.545-32h293.145c11.206 0 20.92-7.754 23.403-18.681z"
        />
      </svg>
      <div
        class="mantine-Text-root mantine-Group-child mantine-1wsjsij"
      >
        1
      </div>
    </div>
    <div
      class="mantine-Group-root mantine-19jxmdp"
    >
      <div
        class="mantine-gnzaph mantine-Group-child"
      >
        <div
          class="mantine-Text-root mantine-1pbxw0k"
        >
          You have 
          <div
            class="mantine-Text-root mantine-9ts85k"
          >
            1
          </div>
          items in cart!
        </div>
      </div>
      <div
        class="mantine-gnzaph mantine-Group-child"
      >
        <div
          class="mantine-Text-root mantine-1pbxw0k"
        >
          Cart Total : ₹1.00
        </div>
      </div>
    </div>
    <div
      class="mantine-8od8ev"
    >
      <div
        style="border-radius: 20px;"
      >
        <a
          href="/"
        >
          <button
            class="mantine-UnstyledButton-root mantine-Button-root mantine-dteu3o"
            data-button="true"
            data-disabled="true"
            disabled=""
            type="button"
          >
            <div
              class="mantine-3xbgk5 mantine-Button-inner"
            >
              <span
                class="mantine-qo1k2 mantine-Button-label"
              >
                Checkout
              </span>
            </div>
          </button>
        </a>
        <a
          href="/"
        >
          <button
            class="mantine-UnstyledButton-root mantine-Button-root mantine-3gzr02"
            data-button="true"
            data-disabled="true"
            disabled=""
            type="button"
          >
            <div
              class="mantine-3xbgk5 mantine-Button-inner"
            >
              <span
                class="mantine-qo1k2 mantine-Button-label"
              >
                Create Opt In
              </span>
            </div>
          </button>
        </a>
        <button
          class="mantine-UnstyledButton-root mantine-Button-root mantine-1vy3keu"
          data-button="true"
          type="button"
        >
          <div
            class="mantine-3xbgk5 mantine-Button-inner"
          >
            <span
              class="mantine-qo1k2 mantine-Button-label"
            >
              Empty Cart
            </span>
          </div>
        </button>
      </div>
    </div>
    <div
      class="mantine-1eabysl"
    />
    <div
      class="mantine-8od8ev"
    >
      <div
        class="cart-items-container"
      >
        Component
      </div>
    </div>
  </div>
</DocumentFragment>
`;

exports[`Cart component created with data and render 1`] = `
<DocumentFragment>
  <div
    class="mantine-Container-root mantine-15pjuqq"
  >
    <h1
      class="mantine-Text-root mantine-Title-root mantine-dyfpg1"
    >
      Cart
    </h1>
    <div
      class="mantine-Group-root mantine-147cgkf"
    >
      <a
        class="mantine-gnzaph mantine-Group-child"
        href="/prescription"
      >
        <svg
          class="icon icon-tabler icon-tabler-notes"
          fill="none"
          height="24"
          stroke="currentColor"
          stroke-linecap="round"
          stroke-linejoin="round"
          stroke-width="2"
          viewBox="0 0 24 24"
          width="24"
          xmlns="http://www.w3.org/2000/svg"
        >
          <path
            d="M0 0h24v24H0z"
            fill="none"
            stroke="none"
          />
          <rect
            height="18"
            rx="2"
            width="14"
            x="5"
            y="3"
          />
          <line
            x1="9"
            x2="15"
            y1="7"
            y2="7"
          />
          <line
            x1="9"
            x2="15"
            y1="11"
            y2="11"
          />
          <line
            x1="9"
            x2="13"
            y1="15"
            y2="15"
          />
        </svg>
      </a>
      <svg
        class="mantine-gnzaph mantine-Group-child"
        fill="currentColor"
        height="28"
        stroke="currentColor"
        stroke-width="0"
        viewBox="0 0 576 512"
        width="28"
        xmlns="http://www.w3.org/2000/svg"
      >
        <path
          d="M528.12 301.319l47.273-208C578.806 78.301 567.391 64 551.99 64H159.208l-9.166-44.81C147.758 8.021 137.93 0 126.529 0H24C10.745 0 0 10.745 0 24v16c0 13.255 10.745 24 24 24h69.883l70.248 343.435C147.325 417.1 136 435.222 136 456c0 30.928 25.072 56 56 56s56-25.072 56-56c0-15.674-6.447-29.835-16.824-40h209.647C430.447 426.165 424 440.326 424 456c0 30.928 25.072 56 56 56s56-25.072 56-56c0-22.172-12.888-41.332-31.579-50.405l5.517-24.276c3.413-15.018-8.002-29.319-23.403-29.319H218.117l-6.545-32h293.145c11.206 0 20.92-7.754 23.403-18.681z"
        />
      </svg>
      <div
        class="mantine-Text-root mantine-Group-child mantine-1wsjsij"
      >
        1
      </div>
    </div>
    <div
      class="mantine-Group-root mantine-19jxmdp"
    >
      <div
        class="mantine-gnzaph mantine-Group-child"
      >
        <div
          class="mantine-Text-root mantine-1pbxw0k"
        >
          You have 
          <div
            class="mantine-Text-root mantine-9ts85k"
          >
            1
          </div>
          items in cart!
        </div>
      </div>
      <div
        class="mantine-gnzaph mantine-Group-child"
      >
        <div
          class="mantine-Text-root mantine-1pbxw0k"
        >
          Cart Total : ₹1.00
        </div>
      </div>
    </div>
    <div
      class="mantine-8od8ev"
    >
      <div
        style="border-radius: 20px;"
      >
        <a
          href="/"
        >
          <button
            class="mantine-UnstyledButton-root mantine-Button-root mantine-dteu3o"
            data-button="true"
            data-disabled="true"
            disabled=""
            type="button"
          >
            <div
              class="mantine-3xbgk5 mantine-Button-inner"
            >
              <span
                class="mantine-qo1k2 mantine-Button-label"
              >
                Checkout
              </span>
            </div>
          </button>
        </a>
        <a
          href="/"
        >
          <button
            class="mantine-UnstyledButton-root mantine-Button-root mantine-3gzr02"
            data-button="true"
            data-disabled="true"
            disabled=""
            type="button"
          >
            <div
              class="mantine-3xbgk5 mantine-Button-inner"
            >
              <span
                class="mantine-qo1k2 mantine-Button-label"
              >
                Create Opt In
              </span>
            </div>
          </button>
        </a>
        <button
          class="mantine-UnstyledButton-root mantine-Button-root mantine-1vy3keu"
          data-button="true"
          type="button"
        >
          <div
            class="mantine-3xbgk5 mantine-Button-inner"
          >
            <span
              class="mantine-qo1k2 mantine-Button-label"
            >
              Empty Cart
            </span>
          </div>
        </button>
      </div>
    </div>
    <div
      class="mantine-1eabysl"
    />
    <div
      class="mantine-8od8ev"
    >
      <div
        class="cart-items-container"
      >
        Component
      </div>
    </div>
  </div>
</DocumentFragment>
`;
