// Jest Snapshot v1, https://goo.gl/fbAQLP

exports[`component created 1`] = `Screen {}`;
