// Jest Snapshot v1, https://goo.gl/fbAQLP

exports[`Testing Manager Dashboard component 1`] = `Screen {}`;
