// Jest Snapshot v1, https://goo.gl/fbAQLP

exports[`ManagerStoreList component created with fail event 1`] = `
<DocumentFragment>
  <div>
    <div
      class="mantine-LoadingOverlay-root mantine-137kca9"
      data-testid="Loading"
      style="z-index: 400;"
    >
      <svg
        class="mantine-1avyp1d"
        height="36px"
        role="presentation"
        stroke="#228be6"
        style="z-index: calc(400 + 1);"
        viewBox="0 0 38 38"
        width="36px"
        xmlns="http://www.w3.org/2000/svg"
      >
        <g
          fill="none"
          fill-rule="evenodd"
        >
          <g
            stroke-width="5"
            transform="translate(2.5 2.5)"
          >
            <circle
              cx="16"
              cy="16"
              r="16"
              stroke-opacity=".5"
            />
            <path
              d="M32 16c0-9.94-8.06-16-16-16"
            >
              <animatetransform
                attributeName="transform"
                dur="1s"
                from="0 16 16"
                repeatCount="indefinite"
                to="360 16 16"
                type="rotate"
              />
            </path>
          </g>
        </g>
      </svg>
      <div
        class="mantine-Overlay-root mantine-8uy2jv"
      />
    </div>
  </div>
</DocumentFragment>
`;

exports[`ManagerStoreList component created without data 1`] = `
<DocumentFragment>
  <div>
    <div
      class="mantine-LoadingOverlay-root mantine-137kca9"
      data-testid="Loading"
      style="z-index: 400;"
    >
      <svg
        class="mantine-1avyp1d"
        height="36px"
        role="presentation"
        stroke="#228be6"
        style="z-index: calc(400 + 1);"
        viewBox="0 0 38 38"
        width="36px"
        xmlns="http://www.w3.org/2000/svg"
      >
        <g
          fill="none"
          fill-rule="evenodd"
        >
          <g
            stroke-width="5"
            transform="translate(2.5 2.5)"
          >
            <circle
              cx="16"
              cy="16"
              r="16"
              stroke-opacity=".5"
            />
            <path
              d="M32 16c0-9.94-8.06-16-16-16"
            >
              <animatetransform
                attributeName="transform"
                dur="1s"
                from="0 16 16"
                repeatCount="indefinite"
                to="360 16 16"
                type="rotate"
              />
            </path>
          </g>
        </g>
      </svg>
      <div
        class="mantine-Overlay-root mantine-8uy2jv"
      />
    </div>
  </div>
</DocumentFragment>
`;

exports[`ManagerStoreList component creatednwith store list data 1`] = `
<DocumentFragment>
  <div>
    <div
      class="mantine-LoadingOverlay-root mantine-137kca9"
      data-testid="Loading"
      style="z-index: 400;"
    >
      <svg
        class="mantine-1avyp1d"
        height="36px"
        role="presentation"
        stroke="#228be6"
        style="z-index: calc(400 + 1);"
        viewBox="0 0 38 38"
        width="36px"
        xmlns="http://www.w3.org/2000/svg"
      >
        <g
          fill="none"
          fill-rule="evenodd"
        >
          <g
            stroke-width="5"
            transform="translate(2.5 2.5)"
          >
            <circle
              cx="16"
              cy="16"
              r="16"
              stroke-opacity=".5"
            />
            <path
              d="M32 16c0-9.94-8.06-16-16-16"
            >
              <animatetransform
                attributeName="transform"
                dur="1s"
                from="0 16 16"
                repeatCount="indefinite"
                to="360 16 16"
                type="rotate"
              />
            </path>
          </g>
        </g>
      </svg>
      <div
        class="mantine-Overlay-root mantine-8uy2jv"
      />
    </div>
  </div>
</DocumentFragment>
`;
